[Message:   BepInEx] BepInEx 5.4.23.3 - valheim (3/22/2026 12:20:26 AM)
[Message:   BepInEx] User is running BepInExPack Valheim version 5.4.2333 from Thunderstore
[Info   :   BepInEx] Running under Unity v6000.0.61.7643309
[Info   :   BepInEx] CLR runtime version: 4.0.30319.42000
[Info   :   BepInEx] Supports SRE: True
[Info   :   BepInEx] System platform: Bits64, Windows
[Message:   BepInEx] Preloader started
[Info   :   BepInEx] Loaded 1 patcher method from [BepInEx.Preloader 5.4.23.3]
[Info   :   BepInEx] 1 patcher plugin loaded
[Info   :   BepInEx] Patching [UnityEngine.CoreModule] with [BepInEx.Chainloader]
[Message:   BepInEx] Preloader finished
[Message:   BepInEx] Chainloader ready
[Message:   BepInEx] Chainloader started
[Info   :   BepInEx] 15 plugins to load
[Info   :   BepInEx] Loading [Valheim Configuration Manager 1.1.13]
[Info   :   BepInEx] Loading [PlantEverything 1.20.0]
[Info   :   BepInEx] Loading [Craft From Containers 3.8.3]
[Info   :   BepInEx] Loading [Extended Player Inventory 1.0.1]
[Info   :   BepInEx] Loading [SimpleBackup 0.0.1]
[Info   :SimpleBackup] SimpleBackup v0.0.1 loaded!
[Info   :   BepInEx] Loading [Jotunn 2.29.0]
[Info   :Jotunn.Main] Initializing ModCompatibility
[Info   :Jotunn.Main] Initializing SynchronizationManager
[Info   :Jotunn.Main] Initializing NetworkManager
[Info   :   BepInEx] Loading [Newtonsoft.Json Detector 1.0.0]
[Info   :Newtonsoft.Json Detector] Newtonsoft.Json 13.0.0.0 loaded from plugins\ValheimModding-JsonDotNET\Newtonsoft.Json.dll
[Info   :   BepInEx] Loading [YamlDotNet Detector 1.0.0]
[Info   :YamlDotNet Detector] YamlDotNet 16.0.0.0 assembly already loaded from plugins\ValheimModding-YamlDotNet\YamlDotNet.dll
[Info   :   BepInEx] Loading [Dig Deeper 1.1.7.0]
[Info   :   BepInEx] Loading [Hunger Pangs 1.2.2]
[Info   :   BepInEx] Loading [Valheim Recycle 4.0.0]
[Info   :Valheim Recycle] AWAKE
[Info   :   BepInEx] Loading [Gamma of Night Lights 1.0.9]
[Info   :   BepInEx] Loading [Better Auto Run 1.1.0]
[Info   :Better Auto Run] Better Auto Run (1.1.0) has started.
[Info   :   BepInEx] Loading [Adventure Backpacks 1.9.13]
[Info   :Jotunn.Main] Initializing LocalizationManager
[Info   :   BepInEx] Loading [MassFarming 1.12]
[Message:   BepInEx] Chainloader startup complete
[Info   : Unity Log] 04/09/2026 18:48:43: Using environment steamid 892970

[Info   : Unity Log] 04/09/2026 18:48:43: Using steam APPID:892970

[Info   : Unity Log] 04/09/2026 18:48:43: Authentication:k_ESteamNetworkingAvailability_Attempting

[Info   : Unity Log] 04/09/2026 18:48:43: Platform doesn't implement Process Lifetime Management! Don't initialize suspend manager.

[Info   : Unity Log] 04/09/2026 18:48:43: Initialized platform!

[Info   : Unity Log] 04/09/2026 18:48:43: Platform doesn't implement matchmaking! Don't initialize matchmaking manager.

[Info   : Unity Log] 04/09/2026 18:48:43: All files in local storage save data:
C:/Users/Alon-TUF/AppData/LocalLow/IronGate/Valheim\adminlist.txt (40)
C:/Users/Alon-TUF/AppData/LocalLow/IronGate/Valheim\bannedlist.txt (41)
C:/Users/Alon-TUF/AppData/LocalLow/IronGate/Valheim\permittedlist.txt (43)
C:/Users/Alon-TUF/AppData/LocalLow/IronGate/Valheim\Player-prev.log (26132)
C:/Users/Alon-TUF/AppData/LocalLow/IronGate/Valheim\Player.log (10576)

[Info   : Unity Log] 04/09/2026 18:48:43: All files in platform save data:
serverlist/recent.old (38)
characters/alon.fch (56785)
worlds/Gralon.fwl (249)
worlds/AlonGOD_backup_auto-20260408154441.fwl (249)
worlds/Gralon.db (13866657)
serverlist/recent (38)
worlds/AlonGOD_backup_auto-20260408015936.fwl (47)
worlds/AlonGOD_backup_auto-20260408041900.db (4246096)
worlds/AlonGOD_backup_auto-20260408041900.fwl (47)
characters/alon_backup_auto-20260408041900.fch (56424)
characters/alon_backup_restore-20260408-034736.fch (59496)
worlds/Gralon_backup_auto-20260407152007.db (11445612)
worlds/AlonGOD.db (4409795)
worlds/Gralon_backup_auto-20260407152007.fwl (249)
characters/alon_backup_auto-20260408012325.fch (46979)
worlds/AlonGOD.fwl (249)
worlds/Gralon_backup_auto-20260406223154.fwl (253)
worlds/Gralon_backup_auto-20260406223154.db (10795089)
characters/alon_backup_restore-20260407-043848.fch (42979)
characters/test.fch (15370)
worlds/Gralon_backup_auto-20260407025126.fwl (253)
worlds/Gralon_backup_auto-20260407025126.db (11118981)
worlds/Gralon_backup_auto-20260407220002.fwl (249)
worlds/Gralon_backup_auto-20260407220002.db (12924050)
worlds/AlonGOD_backup_auto-20260409022103.db (4409795)
worlds/AlonGOD_backup_auto-20260408154441.db (4263366)
characters/alon_backup_auto-20260408161548.fch (55318)
characters/test_backup_auto-20260408215039.fch (800)
characters/test.fch.old (15370)
worlds/AlonGOD_backup_auto-20260409022103.fwl (249)
characters/alon_backup_auto-20260409012827.fch (56019)

[Info   : Unity Log] 04/09/2026 18:48:43: Initializing preferences provider...

[Info   : Unity Log] 04/09/2026 18:48:43: No preference provider available for this platform!

[Info   : Unity Log] 04/09/2026 18:48:43: Set background loading budget to Low

[Info   : Unity Log] 04/09/2026 18:48:43: Loading first scene!

[Info   : Unity Log] 04/09/2026 18:48:43: Preferences initialized! Activating first scene!

[Info   : Unity Log] 04/09/2026 18:48:44: 

[Info   : Unity Log] 04/09/2026 18:48:44: Starting to load scene:start.unity (169d7618616154c03be07e9ad3af5893)

[Info   : Unity Log] 04/09/2026 18:48:44: Set background loading budget to Normal

[Info   : Unity Log] 04/09/2026 18:48:44: Loaded localization file #0 - 'localization' language: 'English'

[Info   : Unity Log] 04/09/2026 18:48:44: Loaded localization file #1 - 'localization_extra' language: 'English'

[Info   : Unity Log] 04/09/2026 18:48:44: Loaded localization file #2 - 'heightmap_message' language: 'English'

[Info   : Unity Log] 04/09/2026 18:48:44: Loaded localization file #3 - 'localization_witch' language: 'English'

[Info   : Unity Log] 04/09/2026 18:48:44: Loaded localization file #4 - 'localization_ashlands' language: 'English'

[Info   : Unity Log] 04/09/2026 18:48:44: Loaded localization file #5 - 'localization_captions' language: 'English'

[Info   : Unity Log] 04/09/2026 18:48:44: Loaded localization file #6 - 'localization_combatupdate' language: 'English'

[Info   : Unity Log] 04/09/2026 18:48:44: Loaded localization file #7 - 'localization_celebrationupdate' language: 'English'

[Info   : Unity Log] 04/09/2026 18:48:44: Loaded localization file #0 - 'localization' language: 'English'

[Info   : Unity Log] 04/09/2026 18:48:44: Loaded localization file #1 - 'localization_extra' language: 'English'

[Info   : Unity Log] 04/09/2026 18:48:44: Loaded localization file #2 - 'heightmap_message' language: 'English'

[Info   : Unity Log] 04/09/2026 18:48:44: Loaded localization file #3 - 'localization_witch' language: 'English'

[Info   : Unity Log] 04/09/2026 18:48:44: Loaded localization file #4 - 'localization_ashlands' language: 'English'

[Info   : Unity Log] 04/09/2026 18:48:44: Loaded localization file #5 - 'localization_captions' language: 'English'

[Info   : Unity Log] 04/09/2026 18:48:44: Loaded localization file #6 - 'localization_combatupdate' language: 'English'

[Info   : Unity Log] 04/09/2026 18:48:44: Loaded localization file #7 - 'localization_celebrationupdate' language: 'English'

[Info   : Unity Log] 04/09/2026 18:48:48: Set background loading budget to High

[Info   : Unity Log] 04/09/2026 18:48:48: GPU Device: 10DE:28E1 (NVIDIA)

[Info   : Unity Log] 04/09/2026 18:48:51: Set background loading budget to Low

[Warning: Unity Log] Only custom filters can be played. Please add a custom filter or an audioclip to the audiosource (Amb_MainMenu).
[Warning: Unity Log] 04/09/2026 18:48:51: Missing audio clip in music respawn

[Info   : Unity Log] 04/09/2026 18:48:57: Steam initialized, persona:Aloncifer

[Info   : Unity Log] 04/09/2026 18:48:57: Valheim version: 0.221.12 (network version 36)

[Info   : Unity Log] 04/09/2026 18:48:57: Worldgenerator version setup:2

[Info   : Unity Log] 04/09/2026 18:48:57: Render threading mode:LegacyJobified

[Info   : Unity Log] 04/09/2026 18:48:57: Checking for installed DLCs

[Info   : Unity Log] 04/09/2026 18:48:57: DLC:beta installed:False

[Info   : Unity Log] ExtendedPlayerInventory Player_Awake
[Info   : Unity Log] 04/09/2026 18:48:58: Sending PlayFab login request (attempt 1)

[Info   : Unity Log] 04/09/2026 18:48:58: Starting music menu

[Info   : Unity Log] 04/09/2026 18:48:59: Session auth respons callback

[Info   : Unity Log] 04/09/2026 18:49:00: Logged in PlayFab user via Steam auth session ticket

[Info   : Unity Log] 04/09/2026 18:49:00: PlayFab local entity ID is F4D959DCE9E79908

[Info   : Unity Log] 04/09/2026 18:49:00: Released session ticket

